{
  "name": "The Simplest API",
  "description": ""
}
