{
  "name": "The Simplest API",
  "description": "This is one of the simplest APIs written in the **API Blueprint**."
}