{
  "identifier": "Messages",
  "description": null,
  "resources": []
}
